
> modern-ecommerce@0.0.0 build
> tsc && vite build

src/components/home/Hero.tsx(53,25): error TS2322: Type '{ hidden: { opacity: number; y: number; }; visible: { opacity: number; y: number; transition: { duration: number; ease: number[]; }; }; }' is not assignable to type 'Variants'.
  Property 'visible' is incompatible with index signature.
    Type '{ opacity: number; y: number; transition: { duration: number; ease: number[]; }; }' is not assignable to type 'Variant'.
      Type '{ opacity: number; y: number; transition: { duration: number; ease: number[]; }; }' is not assignable to type 'TargetAndTransition'.
        Type '{ opacity: number; y: number; transition: { duration: number; ease: number[]; }; }' is not assignable to type '{ transition?: Transition<any> | undefined; transitionEnd?: ResolvedValues | undefined; }'.
          Types of property 'transition' are incompatible.
            Type '{ duration: number; ease: number[]; }' is not assignable to type 'Transition<any> | undefined'.
              Type '{ duration: number; ease: number[]; }' is not assignable to type 'TransitionWithValueOverrides<any>'.
                Type '{ duration: number; ease: number[]; }' is not assignable to type 'ValueAnimationTransition<any>'.
                  Types of property 'ease' are incompatible.
                    Type 'number[]' is not assignable to type 'Easing | Easing[] | undefined'.
                      Type 'number[]' is not assignable to type 'EasingFunction | Easing[]'.
                        Type 'number[]' is not assignable to type 'Easing[]'.
                          Type 'number' is not assignable to type 'Easing'.
src/components/home/Hero.tsx(61,25): error TS2322: Type '{ hidden: { opacity: number; y: number; }; visible: { opacity: number; y: number; transition: { duration: number; ease: number[]; }; }; }' is not assignable to type 'Variants'.
  Property 'visible' is incompatible with index signature.
    Type '{ opacity: number; y: number; transition: { duration: number; ease: number[]; }; }' is not assignable to type 'Variant'.
      Type '{ opacity: number; y: number; transition: { duration: number; ease: number[]; }; }' is not assignable to type 'TargetAndTransition'.
        Type '{ opacity: number; y: number; transition: { duration: number; ease: number[]; }; }' is not assignable to type '{ transition?: Transition<any> | undefined; transitionEnd?: ResolvedValues | undefined; }'.
          Types of property 'transition' are incompatible.
            Type '{ duration: number; ease: number[]; }' is not assignable to type 'Transition<any> | undefined'.
              Type '{ duration: number; ease: number[]; }' is not assignable to type 'TransitionWithValueOverrides<any>'.
                Type '{ duration: number; ease: number[]; }' is not assignable to type 'ValueAnimationTransition<any>'.
                  Types of property 'ease' are incompatible.
                    Type 'number[]' is not assignable to type 'Easing | Easing[] | undefined'.
                      Type 'number[]' is not assignable to type 'EasingFunction | Easing[]'.
                        Type 'number[]' is not assignable to type 'Easing[]'.
                          Type 'number' is not assignable to type 'Easing'.
src/components/home/Hero.tsx(71,25): error TS2322: Type '{ hidden: { opacity: number; y: number; }; visible: { opacity: number; y: number; transition: { duration: number; ease: number[]; }; }; }' is not assignable to type 'Variants'.
  Property 'visible' is incompatible with index signature.
    Type '{ opacity: number; y: number; transition: { duration: number; ease: number[]; }; }' is not assignable to type 'Variant'.
      Type '{ opacity: number; y: number; transition: { duration: number; ease: number[]; }; }' is not assignable to type 'TargetAndTransition'.
        Type '{ opacity: number; y: number; transition: { duration: number; ease: number[]; }; }' is not assignable to type '{ transition?: Transition<any> | undefined; transitionEnd?: ResolvedValues | undefined; }'.
          Types of property 'transition' are incompatible.
            Type '{ duration: number; ease: number[]; }' is not assignable to type 'Transition<any> | undefined'.
              Type '{ duration: number; ease: number[]; }' is not assignable to type 'TransitionWithValueOverrides<any>'.
                Type '{ duration: number; ease: number[]; }' is not assignable to type 'ValueAnimationTransition<any>'.
                  Types of property 'ease' are incompatible.
                    Type 'number[]' is not assignable to type 'Easing | Easing[] | undefined'.
                      Type 'number[]' is not assignable to type 'EasingFunction | Easing[]'.
                        Type 'number[]' is not assignable to type 'Easing[]'.
                          Type 'number' is not assignable to type 'Easing'.
src/components/home/Hero.tsx(78,25): error TS2322: Type '{ hidden: { opacity: number; y: number; }; visible: { opacity: number; y: number; transition: { duration: number; ease: number[]; }; }; }' is not assignable to type 'Variants'.
  Property 'visible' is incompatible with index signature.
    Type '{ opacity: number; y: number; transition: { duration: number; ease: number[]; }; }' is not assignable to type 'Variant'.
      Type '{ opacity: number; y: number; transition: { duration: number; ease: number[]; }; }' is not assignable to type 'TargetAndTransition'.
        Type '{ opacity: number; y: number; transition: { duration: number; ease: number[]; }; }' is not assignable to type '{ transition?: Transition<any> | undefined; transitionEnd?: ResolvedValues | undefined; }'.
          Types of property 'transition' are incompatible.
            Type '{ duration: number; ease: number[]; }' is not assignable to type 'Transition<any> | undefined'.
              Type '{ duration: number; ease: number[]; }' is not assignable to type 'TransitionWithValueOverrides<any>'.
                Type '{ duration: number; ease: number[]; }' is not assignable to type 'ValueAnimationTransition<any>'.
                  Types of property 'ease' are incompatible.
                    Type 'number[]' is not assignable to type 'Easing | Easing[] | undefined'.
                      Type 'number[]' is not assignable to type 'EasingFunction | Easing[]'.
                        Type 'number[]' is not assignable to type 'Easing[]'.
                          Type 'number' is not assignable to type 'Easing'.
src/components/home/Hero.tsx(96,25): error TS2322: Type '{ hidden: { opacity: number; y: number; }; visible: { opacity: number; y: number; transition: { duration: number; ease: number[]; }; }; }' is not assignable to type 'Variants'.
  Property 'visible' is incompatible with index signature.
    Type '{ opacity: number; y: number; transition: { duration: number; ease: number[]; }; }' is not assignable to type 'Variant'.
      Type '{ opacity: number; y: number; transition: { duration: number; ease: number[]; }; }' is not assignable to type 'TargetAndTransition'.
        Type '{ opacity: number; y: number; transition: { duration: number; ease: number[]; }; }' is not assignable to type '{ transition?: Transition<any> | undefined; transitionEnd?: ResolvedValues | undefined; }'.
          Types of property 'transition' are incompatible.
            Type '{ duration: number; ease: number[]; }' is not assignable to type 'Transition<any> | undefined'.
              Type '{ duration: number; ease: number[]; }' is not assignable to type 'TransitionWithValueOverrides<any>'.
                Type '{ duration: number; ease: number[]; }' is not assignable to type 'ValueAnimationTransition<any>'.
                  Types of property 'ease' are incompatible.
                    Type 'number[]' is not assignable to type 'Easing | Easing[] | undefined'.
                      Type 'number[]' is not assignable to type 'EasingFunction | Easing[]'.
                        Type 'number[]' is not assignable to type 'Easing[]'.
                          Type 'number' is not assignable to type 'Easing'.
src/features/products/pages/AddProductPage.tsx(7,1): error TS6192: All imports in import declaration are unused.
src/features/products/productSlice.ts(13,7): error TS6133: 'GROCERY_TYPES' is declared but its value is never read.
src/pages/admin/AdminDashboard.tsx(3,76): error TS6133: 'RefreshCcw' is declared but its value is never read.
src/pages/CartPage.tsx(51,33): error TS7006: Parameter 'item' implicitly has an 'any' type.
src/pages/HomePage.tsx(73,33): error TS2322: Type '{ hidden: { opacity: number; scale: number; }; visible: { opacity: number; scale: number; transition: { duration: number; ease: string; }; }; }' is not assignable to type 'Variants'.
  Property 'visible' is incompatible with index signature.
    Type '{ opacity: number; scale: number; transition: { duration: number; ease: string; }; }' is not assignable to type 'Variant'.
      Type '{ opacity: number; scale: number; transition: { duration: number; ease: string; }; }' is not assignable to type 'TargetAndTransition'.
        Type '{ opacity: number; scale: number; transition: { duration: number; ease: string; }; }' is not assignable to type '{ transition?: Transition<any> | undefined; transitionEnd?: ResolvedValues | undefined; }'.
          Types of property 'transition' are incompatible.
            Type '{ duration: number; ease: string; }' is not assignable to type 'Transition<any> | undefined'.
              Type '{ duration: number; ease: string; }' is not assignable to type 'TransitionWithValueOverrides<any>'.
                Type '{ duration: number; ease: string; }' is not assignable to type 'ValueAnimationTransition<any>'.
                  Types of property 'ease' are incompatible.
                    Type 'string' is not assignable to type 'Easing | Easing[] | undefined'.
src/pages/ProfilePage.tsx(103,39): error TS2339: Property 'updateUserProfile' does not exist on type '{ sendVerificationCode: (emailInput: string) => Promise<boolean>; verifyCode: (email: string, code: string) => Promise<boolean>; register: (name: string, email: string, password: string) => Promise<...>; ... 7 more ...; getUserProfile: (uid: string) => Promise<...>; }'.
